// Jest Snapshot v1, https://goo.gl/fbAQLP

exports[`App component renders a App 1`] = `
<Fragment>
  <ColorPicker
    colorArray={
      Array [
        "red",
        "blue",
        "yellow",
      ]
    }
    selectColor={[Function]}
  />
  <ColorDisplay
    color=""
  />
</Fragment>
`;
