// Jest Snapshot v1, https://goo.gl/fbAQLP

exports[`incrementer tests renders the incrementer 1`] = `
<Fragment>
  <div>
    Increment: 
    1
  </div>
  <button
    onClick={[Function]}
  >
    Increment!
  </button>
</Fragment>
`;
