// Jest Snapshot v1, https://goo.gl/fbAQLP

exports[`Random color component renders the random colors 1`] = `
<div
  style={
    Object {
      "background": "",
      "height": "500px",
      "width": "500px",
    }
  }
/>
`;
